14.999711137059494
TestGMB
0.14939906845447676
USDT
Submitted
Price：0.0099601595247174
By：随机刷量
2026/5/13 11:12:31 Address： 0xd91F4FeC43417f115c8a126A379405Cb8cd8757F 
0.14939906845447676
USDT
14.999711137059494
TestGMB
Submitted
Price：0.0099601595247174
By：随机刷量
2026/5/13 11:12:31 Address： 0xBC02a99ff384e14e301acEb1AcFd942E0D477B0a 
7.689097793588188
TestGMB
0.0765844113343802
USDT
Submitted
Price：0.0099601297044554
By：随机刷量
2026/5/13 11:08:51 Address： 0xd91F4FeC43417f115c8a126A379405Cb8cd8757F 
0.0765844113343802
USDT
7.689097793588188
TestGMB
Submitted
Price：0.0099601297044554
By：随机刷量
2026/5/13 11:08:51 Address： 0xd91F4FeC43417f115c8a126A379405Cb8cd8757F 
6.950266710933002
TestGMB
0.06922555792145133
USDT
Submitted
Price：0.0099601297044554
By：随机刷量
2026/5/13 10:56:55 Address： 0xBC02a99ff384e14e301acEb1AcFd942E0D477B0a 
0.06922555792145133
USDT
6.950266710933002
TestGMB
Submitted
Price：0.0099601297044554
By：随机刷量
2026/5/13 10:56:55 Address： 0xd91F4FeC43417f115c8a126A379405Cb8cd8757F 




交易日志
9.03119451563598
TestGMB
0.08995213807448724
USDT
Submitted
Price：0.0099601595247174
By：等额捆绑刷量
2026/5/13 11:43:35 Address： 0xBC02a99ff384e14e301acEb1AcFd942E0D477B0a 
0.08995213807448724
USDT
9.03119451563598
TestGMB
Submitted
Price：0.0099601595247174
By：等额捆绑刷量
2026/5/13 11:43:35 Address： 0xBC02a99ff384e14e301acEb1AcFd942E0D477B0a 
12.097379110361441
TestGMB
0.1204918257701838
USDT
Submitted
Price：0.0099601595247174
By：等额捆绑刷量
2026/5/13 11:31:54 Address： 0xBC02a99ff384e14e301acEb1AcFd942E0D477B0a 
0.1204918257701838
USDT
12.097379110361441
TestGMB
Submitted
Price：0.0099601595247174
By：等额捆绑刷量
2026/5/13 11:31:54 Address： 0xBC02a99ff384e14e301acEb1AcFd942E0D477B0a 
1.1341039581015047
TestGMB
0.011295856340304404
USDT
Submitted
Price：0.0099601595247174
By：等额捆绑刷量
2026/5/13 11:21:39 Address： 0xBC02a99ff384e14e301acEb1AcFd942E0D477B0a 
0.011295856340304404
USDT
1.1341039581015047
TestGMB
Submitted
Price：0.0099601595247174
By：等额捆绑刷量
2026/5/13 11:21:39 Address： 0xBC02a99ff384e14e301acEb1AcFd942E0D477B0a 


稳定价格
0.193982489475072
USDT
15.782453657071
TestGMB
Submitted
Price：0.0122910222763849
By：
2026/5/13 14:31:45 Address： 0xBC02a99ff384e14e301acEb1AcFd942E0D477B0a 
0.05043309328535087
USDT
4.248093317448
TestGMB
Submitted
Price：0.0118719363056855
By：
2026/5/13 14:30:32 Address： 0xBC02a99ff384e14e301acEb1AcFd942E0D477B0a 
0.09307239028699665
USDT
7.912440067771
TestGMB
Submitted
Price：0.0117627924495883
By：
2026/5/13 14:29:17 Address： 0xBC02a99ff384e14e301acEb1AcFd942E0D477B0a 
0.207063004534583
USDT
17.906640563773
TestGMB
Submitted
Price：0.0115634757841453
By：
2026/5/13 14:28:03 Address： 0xd91F4FeC43417f115c8a126A379405Cb8cd8757F 
0.05605348331148291
USDT
5.035939157107
TestGMB
Submitted
Price：0.0111306911308444
By：
2026/5/13 14:26:49 Address： 0xd91F4FeC43417f115c8a126A379405Cb8cd8757F 
0.1767141151007308
USDT
16.045443484978
TestGMB
Submitted
Price：0.011013351875638299
By：
2026/5/13 14:25:35 Address： 0xd91F4FeC43417f115c8a126A379405Cb8cd8757F 
0.06971023794425431
USDT
6.544572506075
TestGMB
Submitted
Price：0.0106516106100965
By：
2026/5/13 14:24:22 Address： 0xd91F4FeC43417f115c8a126A379405Cb8cd8757F 
0.07854322011545685
USDT
7.473783683798
TestGMB
Submitted
Price：0.0105091642250399
By：
2026/5/13 14:23:07 Address： 0xBC02a99ff384e14e301acEb1AcFd942E0D477B0a 
0.095637286600192
USDT
9.240353040081
TestGMB
Submitted
Price：0.0103499602434404
By：
2026/5/13 14:21:53 Address： 0xBC02a99ff384e14e301acEb1AcFd942E0D477B0a 
0.16568144112392597
USDT
16.310314835401
TestGMB
Submitted
Price：0.0101580774372497
By：
2026/5/13 14:20:39 Address： 0xBC02a99ff384e14e301acEb1AcFd942E0D477B0a 
0.041311763652759015
USDT
3.40982523861
TestGMB
Submitted
Price：0.0121155076175105
By：
2026/5/13 14:19:25 Address： 0xBC02a99ff384e14e301acEb1AcFd942E0D477B0a 
0.05277979718505208
USDT
5.313947653051
TestGMB
Submitted
Price：0.009932314096987499
By：
2026/5/13 14:18:11 Address： 0xBC02a99ff384e14e301acEb1AcFd942E0D477B0a 
0.016296196739596435
USDT
1.658149431532
TestGMB
Submitted
Price：0.0098279421804222
By：
2026/5/13 14:16:58 Address： 0xBC02a99ff384e14e301acEb1AcFd942E0D477B0a 
0.14593519148671796
USDT
14.897866348365
TestGMB
Submitted
Price：0.0097957108806211
By：
2026/5/13 14:15:43 Address： 0xBC02a99ff384e14e301acEb1AcFd942E0D477B0a 
0.17416078708231372
USDT
18.30746380105
TestGMB
Submitted
Price：0.0095131029057299
By：
2026/5/13 14:14:29 Address： 0xBC02a99ff384e14e301acEb1AcFd942E0D477B0a 
0.13786318399493522
USDT
15.014088600813
TestGMB
Submitted
Price：0.0091822545916953
By：
2026/5/13 14:13:15 Address： 0xd91F4FeC43417f115c8a126A379405Cb8cd8757F 
0.09189645335196185
USDT
10.298094415924
TestGMB
Submitted
Price：0.0089236367079585
By：
2026/5/13 14:12:05 Address： 0xd91F4FeC43417f115c8a126A379405Cb8cd8757F 
0.14766798901638448
USDT
16.871487015576
TestGMB
Submitted
Price：0.008752517717024899
By：
2026/5/13 14:10:51 Address： 0xBC02a99ff384e14e301acEb1AcFd942E0D477B0a 
0.015260667821221995
USDT
1.799050548224
TestGMB
Submitted
Price：0.0084826231460184
By：
2026/5/13 14:09:37 Address： 0xBC02a99ff384e14e301acEb1AcFd942E0D477B0a 
12.558148237956
TestGMB
0.127265387163612
USDT
Submitted
Price：0.0101340886213592
By：
2026/5/13 14:03:21 Address： 0xd91F4FeC43417f115c8a126A379405Cb8cd8757F 

